[sync] pushed current code to A10 + TDX
[g2] launched nohup driver for e2e_L12_pair2_smoke4_s2025, pid 5795; polling /root/pllo_pb/g2_e2e_L12_pair2_smoke4_s2025.log
gen 0/1 tdx_calls 9 0s
[protected_gen] done {"cell": "G2_protected_L12", "n": 1, "total_new_tokens": 8, "tdx_decode_calls": 9, "wall_sec": 0.6, "tokens_per_sec": 13.84, "attestation_verified": true}
G2_ALL_DONE
POLL_DONE
{
  "tag": "e2e_L12_pair2_smoke4_s2025",
  "run_id": "e2e_L12_pair2_smoke4_s2025-1783974557-ae2576",
  "profile": "L12",
  "seed": 2025,
  "lr": 0.0002,
  "max_steps": 1,
  "attest": true,
  "endpoints": {
    "a10_pub": "root@8.147.119.67",
    "tdx_pub": "root@8.147.112.139",
    "tdx_priv": "172.30.25.156"
  },
  "g2_wall_sec": 62.6,
  "completed": true
}
