[sync] pushed current code to A10 + TDX
[g2] launched nohup driver for e2e_T1_qv_s1234_smoke, pid 59044; polling /root/pllo_pb/g2_e2e_T1_qv_s1234_smoke.log
gen 0/1 tdx_calls 13 0s
[protected_gen] done {"cell": "G2_protected_L12", "n": 1, "total_new_tokens": 12, "tdx_decode_calls": 13, "wall_sec": 0.6, "tokens_per_sec": 19.93, "attestation_verified": true}
G2_ALL_DONE
POLL_DONE
{
  "tag": "e2e_T1_qv_s1234_smoke",
  "run_id": "e2e_T1_qv_s1234_smoke-1783992794-ff36e6",
  "profile": "L12",
  "seed": 1234,
  "lr": 0.0002,
  "max_steps": 1,
  "attest": true,
  "lora_targets": [
    "q_proj",
    "v_proj"
  ],
  "endpoints": {
    "a10_pub": "root@39.107.123.173",
    "tdx_pub": "root@39.96.43.122",
    "tdx_priv": "172.30.25.153"
  },
  "g2_wall_sec": 42.1,
  "completed": true
}
