{
  "aead": "ChaCha20Poly1305",
  "max_transform_err": 1.1102230246251565e-16,
  "max_roundtrip_err": 8.881784197001252e-16,
  "max_step_err_5steps": 7.105427357601002e-15,
  "final_version": 5,
  "fp32_state_roundtrip": 4.76837158203125e-07,
  "checkpoint_restore_roundtrip": 0.0,
  "restore_info": {
    "restored_version": 5,
    "restored_t": 5,
    "restored_checkpoint_seq": 1
  },
  "fail_closed": {
    "tamper": true,
    "wrong_key": true,
    "version_rollback": true,
    "bad_package": true,
    "bad_profile": true,
    "bad_adapter": true,
    "bad_checkpoint_seq": true,
    "nonce_reuse": true
  },
  "PASS": true
}
real 21.22
user 34.91
sys 4.54
